	b	p	m	f	d	t	n	l	g	k	h	j	q	x	zh	ch	sh	r	z	c	s	y	w
a	o	e	ai	ei	ao	ou	er	an	en	ang	eng	i	ia	ie	iao	iu	ian	in	iang	ing	u	ua	uo	uai	ui	uan	un	uang	ong	v	ue	van	vn	iong

aa-a	oo-o	ee-e	aa-ai	ee-ei	aa-ao	oo-ou	ee-er	aa-an	ee-en	aa-ang																								
b-a	b-o		b-ai	b-ei	b-ao			b-an	b-en	b-ang	b-eng	b-i		b-ie	b-iao		b-ian	b-in	b-iang	b-ing	b-u													
p-a	p-o		p-ai	p-ei	p-ao	p-ou		p-an	p-en	p-ang	p-eng	p-i		p-ie	p-iao		p-ian	p-in		p-ing	p-u													
m-a	m-o	m-e	m-ai	m-ei	m-ao	m-ou		m-an	m-en	m-ang	m-eng	m-i		m-ie	m-iao	m-iu	m-ian	m-in		m-ing	m-u													
f-a	f-o			f-ei		f-ou		f-an	f-en	f-ang	f-eng										f-u													
d-a		d-e	d-ai	d-ei	d-ao	d-ou		d-an	d-en	d-ang	d-eng	d-i		d-ie	d-iao	d-iu	d-ian			d-ing	d-u		d-uo		d-ui	d-uan	d-un		d-ong					
t-a		t-e	t-ai		t-ao	t-ou		t-an		t-ang	t-eng	t-i		t-ie	t-iao		t-ian			t-ing	t-u		t-uo		t-ui	t-uan	t-un		t-ong					
n-a		n-e	n-ai	n-ei	n-ao	n-ou		n-an	n-en	n-ang	n-eng	n-i		n-ie	n-iao	n-iu	n-ian	n-in	n-iang	n-ing	n-u		n-uo			n-uan			n-ong	n-v	n-ve			
l-a		l-e	l-ai	l-ei	l-ao	l-ou		l-an		l-ang	l-eng	l-i	l-ia	l-ie	l-iao	l-iu	l-ian	l-in	l-iang	l-ing	l-u		l-uo			l-uan	l-un		l-ong	l-v	l-ve			
g-a		g-e	g-ai	g-ei	g-ao	g-ou		g-an	g-en	g-ang	g-eng										g-u	g-ua	g-uo	g-uai	g-ui	g-uan	g-un	g-uang	g-ong					
k-a		k-e	k-ai	k-ei	k-ao	k-ou		k-an	k-en	k-ang	k-eng										k-u	k-ua	k-uo	k-uai	k-ui	k-uan	k-un	k-uang	k-ong					
h-a		h-e	h-ai	h-ei	h-ao	h-ou		h-an	h-en	h-ang	h-eng										h-u	h-ua	h-uo	h-uai	h-ui	h-uan	h-un	h-uang	h-ong					
												j-i	j-ia	j-ie	j-iao	j-iu	j-ian	j-in	j-iang	j-ing	j-v					j-van	j-vn				j-ve			j-iong
												q-i	q-ia	q-ie	q-iao	q-iu	q-ian	q-in	q-iang	q-ing	q-v					q-van	q-vn				q-ve			q-iong
												x-i	x-ia	x-ie	x-iao	x-iu	x-ian	x-in	x-iang	x-ing	x-v					x-van	x-vn				x-ve			x-iong
zh-a		zh-e	zh-ai		zh-ao	zh-ou		zh-an	zh-en	zh-ang	zh-eng	zh-ix									zh-u	zh-ua	zh-uo	zh-uai	zh-ui	zh-uan	zh-un	zh-uang	zh-ong					
ch-a		ch-e	ch-ai		ch-ao	ch-ou		ch-an	ch-en	ch-ang	ch-eng	ch-ix									ch-u	ch-ua	ch-uo	ch-uai	ch-ui	ch-uan	ch-un	ch-uang	ch-ong					
sh-a		sh-e	sh-ai		sh-ao	sh-ou		sh-an	sh-en	sh-ang	sh-eng	sh-ix									sh-u	sh-ua	sh-uo	sh-uai	sh-ui	sh-uan	sh-un	sh-uang						
		r-e			r-ao	r-ou		r-an	r-en	r-ang	r-eng	r-iz									r-u		r-uo		r-ui	r-uan	r-un		r-ong					
z-a		z-e	z-ai	z-ei	z-ao	z-ou		z-an	z-en	z-ang	z-eng	z-iy									z-u		z-uo		z-ui	z-uan	z-un		z-ong					
c-a		c-e	c-ai		c-ao	c-ou		c-an	c-en	c-ang	c-eng	c-iy									c-u		c-uo		c-ui	c-uan	c-un		c-ong					
s-a		s-e	s-ai		s-ao	s-ou		s-an	s-en	s-ang	s-eng	s-iy									s-u		s-uo		s-ui	s-uan	s-un		s-ong					
ii-ia		ii-ie			ii-iao	ii-iu		ii-ian		ii-iang		ii-i						ii-in	aa-ang	ii-ing	vv-v					vv-van	vv-vn		ii-iong		vv-ve			
uu-ua	uu-uo		uu-uai	uu-ui				uu-uan	uu-un	uu-uang	uu-ueng										uu-u													
